/www/favicon.ico
/www/html/*
/www/metal.css
/data/band/*
